// Jest Snapshot v1, https://goo.gl/fbAQLP

exports[`file System Element test 1`] = `
<div
  contentEditable={true}
  onKeyDown={[Function]}
/>
`;
