// Jest Snapshot v1, https://goo.gl/fbAQLP

exports[`Header test 1`] = `
<div
  className="header"
>
  <h1>
    Header
  </h1>
  <div>
    <a
      href="/"
      onClick={[Function]}
    >
      <button>
        Home
      </button>
    </a>
  </div>
</div>
`;
