// Jest Snapshot v1, https://goo.gl/fbAQLP

exports[`button test 1`] = `
<button
  className=""
>
  test
</button>
`;
