// Jest Snapshot v1, https://goo.gl/fbAQLP

exports[`file System Container test 1`] = `
<div>
  <button
    onClick={[Function]}
  >
    +
  </button>
</div>
`;
