// Jest Snapshot v1, https://goo.gl/fbAQLP

exports[`button test 1`] = `
<button
  onClick={null}
>
  +
</button>
`;
