// Jest Snapshot v1, https://goo.gl/fbAQLP

exports[`label test 1`] = `
<label
  className=""
/>
`;
